// Jest Snapshot v1, https://goo.gl/fbAQLP

exports[`EthereumSignUpForm renders the component 1`] = `
<Fragment>
  <Component
    style={
      Object {
        "flexDirection": "row",
      }
    }
  >
    <Component
      style={
        Object {
          "alignItems": "flex-end",
          "flex": 1,
        }
      }
    >
      <TextInput
        allowFontScaling={true}
        autoCapitalize="none"
        autoCorrect={false}
        onChangeText={[Function]}
        placeholder="username"
        style={
          Object {
            "fontSize": 20,
            "justifyContent": "flex-start",
            "width": 90,
          }
        }
        underlineColorAndroid="transparent"
        value=""
      />
    </Component>
    <Component
      style={
        Object {
          "flex": 1,
        }
      }
    >
      <Component
        style={
          Object {
            "fontSize": 20,
            "justifyContent": "flex-end",
          }
        }
      >
        .tasitid.eth
      </Component>
    </Component>
  </Component>
  <Component
    style={
      Object {
        "flexDirection": "row",
        "marginTop": 30,
      }
    }
  >
    <Button
      onPress={[Function]}
      title="Continue"
    />
  </Component>
</Fragment>
`;
